
> coil-manager-ui@0.1.0 start
> ng serve --host localhost --port 4200

> Building...
√ Building...
Initial chunk files | Names                             |  Raw size
main.js             | main                              |  63.88 kB | 
styles.css          | styles                            |  11.88 kB | 
chunk-BP4V3AZU.js   | -                                 |   3.39 kB | 
chunk-EEHB4PCM.js   | -                                 |   1.51 kB | 

                    | Initial total                     |  80.66 kB

Lazy chunk files    | Names                             |  Raw size
chunk-5K7JWZTB.js   | operations-dashboard-component    | 175.81 kB | 
chunk-AOR7C6LN.js   | lamination-job-form-component     | 157.92 kB | 
chunk-RHAHBBFA.js   | lamination-allocation-component   | 147.27 kB | 
chunk-5KUKK2SG.js   | slitting-job-planning-component   |  98.94 kB | 
chunk-SOCBU7KD.js   | sales-order-form-page-component   |  97.30 kB | 
chunk-7SAV6S5A.js   | complete-lamination-job-component |  84.52 kB | 
chunk-APC7EFYO.js   | security-admin-component          |  83.65 kB | 
chunk-OMRZW2LF.js   | raw-coil-create-page-component    |  74.16 kB | 
chunk-RJCHBQZR.js   | work-order-detail-component       |  70.31 kB | 
chunk-R4JV4ZXC.js   | admin-analytics-component         |  65.23 kB | 
chunk-GGP67ABN.js   | work-order-form-component         |  61.78 kB | 
chunk-VR3A4BBT.js   | slitting-job-list-page-component  |  60.23 kB | 
chunk-ODAZDB5H.js   | raw-coil-edit-page-component      |  53.80 kB | 
chunk-P6EUPWEZ.js   | raw-coil-list-page-component      |  53.12 kB | 
chunk-N6UIMPNE.js   | sales-order-detail-page-component |  50.83 kB | 
...and 42 more lazy chunks files. Use "--verbose" to show all the files.

Application bundle generation complete. [13.892 seconds] - 2026-08-13T04:00:55.868Z

Watch mode enabled. Watching for file changes...
NOTE: Raw file sizes do not reflect development server per-request transformations.
  [32m➜[39m  [1mLocal[22m:   [36mhttp://localhost:[1m4200[22m/[39m
> Changes detected. Rebuilding...
√ Changes detected. Rebuilding...
Initial chunk files | Names | Raw size
main.js             | main  | 63.97 kB | 

Application bundle generation complete. [8.447 seconds] - 2026-08-13T04:07:00.255Z

Page reload sent to client(s).
> Changes detected. Rebuilding...
√ Changes detected. Rebuilding...
Initial chunk files | Names                     | Raw size
main.js             | main                      | 65.22 kB | 

Lazy chunk files    | Names                     | Raw size
chunk-RBFBJXBP.js   | dispatch-detail-component | 19.30 kB | 

Application bundle generation complete. [1.625 seconds] - 2026-08-13T04:08:17.601Z

Page reload sent to client(s).
> Changes detected. Rebuilding...
√ Changes detected. Rebuilding...
Initial chunk files | Names                     | Raw size
main.js             | main                      | 65.22 kB | 

Lazy chunk files    | Names                     | Raw size
chunk-IMVYWAUM.js   | dispatch-detail-component | 19.56 kB | 

Application bundle generation complete. [1.036 seconds] - 2026-08-13T04:08:44.062Z

Page reload sent to client(s).
> Changes detected. Rebuilding...
√ Changes detected. Rebuilding...
Initial chunk files | Names                       | Raw size
main.js             | main                        | 65.22 kB | 

Lazy chunk files    | Names                       | Raw size
chunk-KU5YK5XO.js   | work-order-detail-component | 77.58 kB | 
chunk-26FJ3AOU.js   | work-order-list-component   | 41.23 kB | 

Application bundle generation complete. [1.620 seconds] - 2026-08-13T04:10:05.777Z

Page reload sent to client(s).
> Changes detected. Rebuilding...
√ Changes detected. Rebuilding...
Initial chunk files | Names                       | Raw size
main.js             | main                        | 65.22 kB | 

Lazy chunk files    | Names                       | Raw size
chunk-PZIBP66K.js   | work-order-detail-component | 78.89 kB | 
chunk-NNXFMCNF.js   | work-order-list-component   | 41.70 kB | 

Application bundle generation complete. [1.457 seconds] - 2026-08-13T04:10:55.576Z

Page reload sent to client(s).
> Changes detected. Rebuilding...
√ Changes detected. Rebuilding...
Initial chunk files | Names                   | Raw size
main.js             | main                    | 65.22 kB | 

Lazy chunk files    | Names                   | Raw size
chunk-EI3U24SR.js   | dispatch-form-component | 35.25 kB | 

Application bundle generation complete. [2.356 seconds] - 2026-08-13T17:16:29.218Z

Page reload sent to client(s).
> Changes detected. Rebuilding...
√ Changes detected. Rebuilding...
Initial chunk files | Names                                    | Raw size
main.js             | main                                     | 65.22 kB | 

Lazy chunk files    | Names                                    | Raw size
chunk-HV4GNJ4I.js   | work-order-detail-component              | 78.89 kB | 
chunk-MBO4OJVB.js   | work-order-form-component                | 64.46 kB | 
chunk-WYXDPGYB.js   | work-order-material-allocation-component | 50.53 kB | 
chunk-OWSZ4PGI.js   | work-order-list-component                | 41.70 kB | 
chunk-JIULAQQH.js   | -                                        |  6.52 kB | 

Application bundle generation complete. [1.740 seconds] - 2026-08-13T17:35:12.140Z

Page reload sent to client(s).
> Changes detected. Rebuilding...
√ Changes detected. Rebuilding...
Application bundle generation failed. [2.686 seconds] - 2026-08-13T17:36:01.039Z

> Changes detected. Rebuilding...
√ Changes detected. Rebuilding...
Application bundle generation failed. [1.166 seconds] - 2026-08-13T17:36:49.093Z

> Changes detected. Rebuilding...
√ Changes detected. Rebuilding...
Application bundle generation failed. [1.198 seconds] - 2026-08-13T17:37:34.612Z

> Changes detected. Rebuilding...
√ Changes detected. Rebuilding...
Initial chunk files | Names                             |  Raw size
main.js             | main                              |  65.22 kB | 
styles.css          | styles                            |  11.88 kB | 
chunk-BP4V3AZU.js   | -                                 |   3.39 kB | 
chunk-EEHB4PCM.js   | -                                 |   1.51 kB | 

                    | Initial total                     |  81.99 kB

Lazy chunk files    | Names                             |  Raw size
chunk-5K7JWZTB.js   | operations-dashboard-component    | 175.81 kB | 
chunk-AOR7C6LN.js   | lamination-job-form-component     | 157.92 kB | 
chunk-RHAHBBFA.js   | lamination-allocation-component   | 147.27 kB | 
chunk-5KUKK2SG.js   | slitting-job-planning-component   |  98.94 kB | 
chunk-XEM2KE7M.js   | sales-order-form-page-component   |  97.30 kB | 
chunk-7SAV6S5A.js   | complete-lamination-job-component |  84.52 kB | 
chunk-APC7EFYO.js   | security-admin-component          |  83.65 kB | 
chunk-GR3U3UZO.js   | work-order-detail-component       |  78.89 kB | 
chunk-OMRZW2LF.js   | raw-coil-create-page-component    |  74.16 kB | 
chunk-WOVCCR3B.js   | work-order-form-component         |  73.38 kB | 
chunk-R4JV4ZXC.js   | admin-analytics-component         |  65.23 kB | 
chunk-VR3A4BBT.js   | slitting-job-list-page-component  |  60.23 kB | 
chunk-ODAZDB5H.js   | raw-coil-edit-page-component      |  53.80 kB | 
chunk-P6EUPWEZ.js   | raw-coil-list-page-component      |  53.12 kB | 
chunk-BTJJJYRZ.js   | sales-order-detail-page-component |  50.83 kB | 
...and 42 more lazy chunks files. Use "--verbose" to show all the files.

Application bundle generation complete. [1.241 seconds] - 2026-08-13T17:38:43.175Z

Page reload sent to client(s).
> Changes detected. Rebuilding...
√ Changes detected. Rebuilding...
Application bundle generation failed. [2.231 seconds] - 2026-08-13T17:51:40.582Z

> Changes detected. Rebuilding...
√ Changes detected. Rebuilding...
Initial chunk files | Names                             |  Raw size
main.js             | main                              |  65.22 kB | 
styles.css          | styles                            |  11.88 kB | 
chunk-BP4V3AZU.js   | -                                 |   3.39 kB | 
chunk-EEHB4PCM.js   | -                                 |   1.51 kB | 

                    | Initial total                     |  81.99 kB

Lazy chunk files    | Names                             |  Raw size
chunk-5K7JWZTB.js   | operations-dashboard-component    | 175.81 kB | 
chunk-AOR7C6LN.js   | lamination-job-form-component     | 157.92 kB | 
chunk-RHAHBBFA.js   | lamination-allocation-component   | 147.27 kB | 
chunk-5KUKK2SG.js   | slitting-job-planning-component   |  98.94 kB | 
chunk-SOCBU7KD.js   | sales-order-form-page-component   |  97.30 kB | 
chunk-7SAV6S5A.js   | complete-lamination-job-component |  84.52 kB | 
chunk-APC7EFYO.js   | security-admin-component          |  83.65 kB | 
chunk-GR3U3UZO.js   | work-order-detail-component       |  78.89 kB | 
chunk-OMRZW2LF.js   | raw-coil-create-page-component    |  74.16 kB | 
chunk-BIZWY6LY.js   | work-order-form-component         |  73.30 kB | 
chunk-R4JV4ZXC.js   | admin-analytics-component         |  65.23 kB | 
chunk-VR3A4BBT.js   | slitting-job-list-page-component  |  60.23 kB | 
chunk-ODAZDB5H.js   | raw-coil-edit-page-component      |  53.80 kB | 
chunk-P6EUPWEZ.js   | raw-coil-list-page-component      |  53.12 kB | 
chunk-N6UIMPNE.js   | sales-order-detail-page-component |  50.83 kB | 
...and 42 more lazy chunks files. Use "--verbose" to show all the files.

Application bundle generation complete. [1.415 seconds] - 2026-08-13T17:52:04.779Z

Page reload sent to client(s).
